# Sqlfile -> Database map
generated-schema.sql=propel
generated-sfPropelActAsTaggableBehaviorPlugin-schema.sql=propel
generated-sfPropelActAsCommentableBehaviorPlugin-schema.sql=propel
generated-deppPropelActAsCommentableBehaviorPlugin-schema.sql=propel
generated-sfPropelActAsRatableBehaviorPlugin-schema.sql=propel
generated-deppPropelActAsVotableBehaviorPlugin-schema.sql=propel
generated-deppPropelActAsTaggableBehaviorPlugin-schema.sql=propel
generated-deppPropelActAsBookmarkableBehaviorPlugin-schema.sql=propel
generated-deppPropelActAsMonitorableBehaviorPlugin-schema.sql=propel
generated-deppPropelMonitoringBehaviorsPlugin-schema.sql=propel
generated-nahoWikiPlugin-schema.sql=propel
generated-deppPropelActAsEmendableBehaviorPlugin-schema.sql=propel
generated-deppPropelActAsEmendableBehaviorPlugin.old-schema.sql=propel
generated-sfEmendPlugin-schema.sql=propel
plugins.deppPropelActAsBookmarkableBehaviorPlugin.lib.model.schema.sql=propel
plugins.deppPropelActAsCommentableBehaviorPlugin.lib.model.schema.sql=propel
plugins.deppPropelActAsTaggableBehaviorPlugin.lib.model.schema.sql=propel
plugins.deppPropelActAsVotableBehaviorPlugin.lib.model.schema.sql=propel
plugins.deppPropelMonitoringBehaviorsPlugin.lib.model.schema.sql=propel
plugins.nahoWikiPlugin.lib.model.schema.sql=propel
lib.model.schema.sql=propel
plugins.sfEmendPlugin.lib.model.schema.sql=propel
plugins.sfPropelActAsRatableBehaviorPlugin.lib.model.schema.sql=propel
plugins.sfSimpleBlogPlugin.lib.model.schema.sql=propel
